<html>
<body>
<pre>
<h1>µVision Build Log</h1>
<h2>Tool Versions:</h2>
IDE-Version: ¦ÌVision V5.23.0.0
Copyright (C) 2017 ARM Ltd and ARM Germany GmbH. All rights reserved.
License Information: zhu ming, bj, LIC=----
 
Tool Versions:
Toolchain:       MDK-Lite  Version: 5.23
Toolchain Path:  D:\Keil5\ARM\ARMCC\Bin
C Compiler:      Armcc.exe V5.06 update 4 (build 422)
Assembler:       Armasm.exe V5.06 update 4 (build 422)
Linker/Locator:  ArmLink.exe V5.06 update 4 (build 422)
Library Manager: ArmAr.exe V5.06 update 4 (build 422)
Hex Converter:   FromElf.exe V5.06 update 4 (build 422)
CPU DLL:         SARMCM3.DLL V5.23
Dialog DLL:      DCM.DLL V1.15.0.0
Target DLL:      Segger\JL2CM3.dll V2.99.23.0
Dialog DLL:      TCM.DLL V1.27.0.0
 
<h2>Project:</h2>
E:\STM\demo\Project\demo.uvprojx
Project File Date:  10/29/2020

<h2>Output:</h2>
*** Using Compiler 'V5.06 update 4 (build 422)', folder: 'D:\Keil5\ARM\ARMCC\Bin'
Rebuild target 'ZET6'
assembling startup_stm32f10x_hd.s...
compiling main.c...
compiling led.c...
compiling stm32f10x_gpio.c...
compiling system_stm32f10x.c...
compiling stm32f10x_rcc.c...
linking...
Program Size: Code=1280 RO-data=336 RW-data=0 ZI-data=1024  
FromELF: creating hex file...
".\Objects\demo.axf" - 0 Error(s), 0 Warning(s).

<h2>Software Packages used:</h2>

Package Vendor: ARM
                http://www.keil.com/pack/ARM.CMSIS.5.0.1.pack
                ARM::CMSIS:CORE:5.0.1
                CMSIS (Cortex Microcontroller Software Interface Standard)
   * Component: CORE Version: 5.0.1

Package Vendor: Keil
                http://www.keil.com/pack/Keil.STM32F1xx_DFP.2.2.0.pack
                Keil::Device:Startup:1.0.0
                STMicroelectronics STM32F1 Series Device Support, Drivers and Examples
   * Component: Startup Version: 1.0.0

<h2>Collection of Component include folders:</h2>
  .\RTE\Device\STM32F103ZE
  .\RTE\_ZET6
  D:\Keil5\ARM\PACK\ARM\CMSIS\5.0.1\CMSIS\Include
  D:\Keil5\ARM\PACK\Keil\STM32F1xx_DFP\2.2.0\Device\Include

<h2>Collection of Component Files used:</h2>

   * Component: ARM::CMSIS:CORE:5.0.1

   * Component: Keil::Device:Startup:1.0.0
      Source file:   Device\Source\ARM\startup_stm32f10x_hd.s
      Source file:   Device\Source\ARM\STM32F1xx_OPT.s
      Source file:   Device\Source\system_stm32f10x.c
      Include file:  RTE_Driver\Config\RTE_Device.h
Build Time Elapsed:  00:00:01
</pre>
</body>
</html>
